// Vitest Snapshot v1, https://vitest.dev/guide/snapshot.html

exports[`<Text> > renders as expected 1`] = `
<p
  class="text-2xl"
>
  Sample
</p>
`;
